[Thu Jun 15 23:51:46.503354 2023] [proxy_fcgi:error] [pid 76002:tid 139842960733952] (70007)The timeout specified has expired: [client 10.1.15.67:54655] AH01075: Error dispatching request to : (polling), referer: https://ideaportal.jmbaxi.com/ideas/addIdea
[Fri Jun 16 00:37:10.300028 2023] [proxy_fcgi:error] [pid 75654:tid 139842524542720] (70007)The timeout specified has expired: [client 10.1.15.67:58108] AH01075: Error dispatching request to : (polling), referer: https://ideaportal.jmbaxi.com/ideas/edit/104
[Fri Jun 16 02:05:55.157049 2023] [proxy_fcgi:error] [pid 75654:tid 139842499364608] (70007)The timeout specified has expired: [client 10.1.15.67:59843] AH01075: Error dispatching request to : (polling), referer: https://ideaportal.jmbaxi.com/ideas/view/91?
[Fri Jun 16 03:08:20.020765 2023] [core:error] [pid 75654:tid 139842516150016] [client 83.97.73.89:56018] AH00126: Invalid URI in request POST /cgi-bin/.%2e/.%2e/.%2e/.%2e/bin/sh HTTP/1.1
[Fri Jun 16 16:43:44.211400 2023] [core:error] [pid 76002:tid 139841836668672] [client 83.97.73.89:48728] AH00126: Invalid URI in request POST /cgi-bin/.%2e/.%2e/.%2e/.%2e/bin/sh HTTP/1.1
[Fri Jun 16 17:18:11.841721 2023] [core:error] [pid 76002:tid 139843346212608] [client 195.170.172.128:39768] AH00126: Invalid URI in request GET stager64 HTTP/1.1
[Fri Jun 16 17:18:39.190045 2023] [proxy_fcgi:error] [pid 75653:tid 139843153471232] (70008)Partial results are valid but processing is incomplete: [client 195.170.172.128:55076] AH01075: Error dispatching request to : (reading input brigade)
[Sat Jun 17 07:26:56.271595 2023] [core:error] [pid 76002:tid 139841836668672] [client 83.97.73.89:50742] AH00126: Invalid URI in request POST /cgi-bin/.%2e/.%2e/.%2e/.%2e/bin/sh HTTP/1.1
[Sat Jun 17 07:27:26.695271 2023] [core:error] [pid 75653:tid 139843161863936] [client 193.32.162.190:56352] AH00126: Invalid URI in request GET /../../mnt/mtd/Config/Account1 HTTP/1.1
[Sat Jun 17 08:46:16.558994 2023] [core:error] [pid 76002:tid 139842449041152] [client 193.32.162.190:38940] AH00126: Invalid URI in request GET /../../mnt/mtd/Config/Account2 HTTP/1.1
[Sun Jun 18 02:45:30.445839 2023] [core:error] [pid 76002:tid 139843362998016] [client 83.97.73.89:46064] AH00126: Invalid URI in request POST /cgi-bin/.%2e/.%2e/.%2e/.%2e/bin/sh HTTP/1.1
[Sun Jun 18 16:11:40.357803 2023] [core:error] [pid 437246:tid 139841853454080] [client 83.97.73.89:51118] AH00126: Invalid URI in request POST /cgi-bin/.%2e/.%2e/.%2e/.%2e/bin/sh HTTP/1.1
[Mon Jun 19 01:47:28.856339 2023] [proxy_fcgi:error] [pid 436826:tid 139841828275968] (70007)The timeout specified has expired: [client 10.1.15.67:60412] AH01075: Error dispatching request to : (polling), referer: https://ideaportal.jmbaxi.com/ideas/view_idea_approving_authority/107
[Mon Jun 19 07:24:45.305638 2023] [core:error] [pid 437246:tid 139842432255744] [client 83.97.73.89:35790] AH00126: Invalid URI in request POST /cgi-bin/.%2e/.%2e/.%2e/.%2e/bin/sh HTTP/1.1
[Mon Jun 19 09:05:27.953007 2023] [proxy_fcgi:error] [pid 437246:tid 139842432255744] (70007)The timeout specified has expired: [client 10.1.15.67:50068] AH01075: Error dispatching request to : (polling), referer: https://ideaportal.jmbaxi.com/ideas/view_idea_approving_authority/115
[Mon Jun 19 20:52:58.806948 2023] [core:error] [pid 437246:tid 139842994304768] [client 83.97.73.89:39692] AH00126: Invalid URI in request POST /cgi-bin/.%2e/.%2e/.%2e/.%2e/bin/sh HTTP/1.1
[Tue Jun 20 02:41:22.670025 2023] [core:error] [pid 2960:tid 139946937542400] [client 141.105.66.148:50520] AH00126: Invalid URI in request GET default.asp HTTP/1.1
[Tue Jun 20 02:41:25.965358 2023] [core:error] [pid 2960:tid 139948542842624] [client 141.105.66.148:33458] AH00126: Invalid URI in request GET default.asp HTTP/1.1
[Tue Jun 20 02:41:26.307257 2023] [proxy_fcgi:error] [pid 1860:tid 139948019676928] (-102)Unknown error -102: [client 141.105.66.148:33564] AH01075: Error dispatching request to : (reading input brigade)
[Tue Jun 20 04:08:20.027093 2023] [proxy_fcgi:error] [pid 2960:tid 139946920756992] (70007)The timeout specified has expired: [client 150.242.204.141:51115] AH01075: Error dispatching request to : (polling), referer: https://ideaportal.jmbaxi.com/ideas/view/121?
[Tue Jun 20 04:14:23.128091 2023] [proxy_fcgi:error] [pid 1860:tid 139948002891520] (70007)The timeout specified has expired: [client 150.242.204.141:51176] AH01075: Error dispatching request to : (polling), referer: https://ideaportal.jmbaxi.com/ideas/addIdea
[Tue Jun 20 04:19:17.842995 2023] [proxy_fcgi:error] [pid 2960:tid 139948526057216] (70007)The timeout specified has expired: [client 150.242.204.141:40476] AH01075: Error dispatching request to : (polling), referer: https://ideaportal.jmbaxi.com/ideas/addIdea
[Tue Jun 20 10:05:24.235503 2023] [proxy_fcgi:error] [pid 1859:tid 139948288112384] (70007)The timeout specified has expired: [client 150.242.204.141:53263] AH01075: Error dispatching request to : (polling), referer: https://ideaportal.jmbaxi.com/ideas/view/134?
[Tue Jun 20 10:10:50.220670 2023] [proxy_fcgi:error] [pid 2960:tid 139947801564928] (70007)The timeout specified has expired: [client 150.242.204.141:53344] AH01075: Error dispatching request to : (polling), referer: https://ideaportal.jmbaxi.com/ideas/view/126
[Tue Jun 20 12:14:44.987057 2023] [core:error] [pid 2960:tid 139946912364288] [client 83.97.73.89:58248] AH00126: Invalid URI in request POST /cgi-bin/.%2e/.%2e/.%2e/.%2e/bin/sh HTTP/1.1
[Tue Jun 20 23:56:37.383371 2023] [core:error] [pid 2960:tid 139946912364288] [client 193.32.162.190:51344] AH00126: Invalid URI in request GET /../../mnt/mtd/Config/Account1 HTTP/1.1
[Wed Jun 21 00:44:27.786855 2023] [core:error] [pid 2960:tid 139946929149696] [client 193.32.162.190:36492] AH00126: Invalid URI in request GET /../../mnt/mtd/Config/Account2 HTTP/1.1
[Wed Jun 21 01:04:45.464295 2023] [proxy_fcgi:error] [pid 2960:tid 139946945935104] (70007)The timeout specified has expired: [client 150.242.204.205:38992] AH01075: Error dispatching request to : (polling), referer: https://ideaportal.jmbaxi.com/ideas/addIdea
[Wed Jun 21 01:12:22.364418 2023] [proxy_fcgi:error] [pid 2960:tid 139948500879104] (70007)The timeout specified has expired: [client 150.242.204.205:51915] AH01075: Error dispatching request to : (polling), referer: https://ideaportal.jmbaxi.com/ideas/addIdea
[Wed Jun 21 01:13:56.387365 2023] [proxy_fcgi:error] [pid 2960:tid 139948526057216] (70007)The timeout specified has expired: [client 150.242.204.205:51935] AH01075: Error dispatching request to : (polling), referer: https://ideaportal.jmbaxi.com/ideas/addIdea
[Wed Jun 21 01:37:15.750841 2023] [proxy_fcgi:error] [pid 2960:tid 139948103538432] (70007)The timeout specified has expired: [client 150.242.204.205:52155] AH01075: Error dispatching request to : (polling), referer: https://ideaportal.jmbaxi.com/ideas/addIdea
[Wed Jun 21 02:09:36.376161 2023] [core:error] [pid 1859:tid 139948237756160] [client 83.97.73.89:46562] AH00126: Invalid URI in request POST /cgi-bin/.%2e/.%2e/.%2e/.%2e/bin/sh HTTP/1.1
[Wed Jun 21 02:12:48.774109 2023] [proxy_fcgi:error] [pid 1860:tid 139946937542400] (70007)The timeout specified has expired: [client 150.242.204.205:52807] AH01075: Error dispatching request to : (polling), referer: https://ideaportal.jmbaxi.com/ideas/view/148
[Wed Jun 21 02:19:17.923524 2023] [proxy_fcgi:error] [pid 1860:tid 139948534449920] (70007)The timeout specified has expired: [client 150.242.204.205:52941] AH01075: Error dispatching request to : (polling), referer: https://ideaportal.jmbaxi.com/ideas/view_idea_implementation_team/148?
[Wed Jun 21 02:44:10.074702 2023] [proxy_fcgi:error] [pid 1860:tid 139948002891520] (70007)The timeout specified has expired: [client 150.242.204.205:53392] AH01075: Error dispatching request to : (polling), referer: https://ideaportal.jmbaxi.com/ideas/addIdea
[Wed Jun 21 02:55:08.746853 2023] [proxy_fcgi:error] [pid 1860:tid 139947994498816] (70007)The timeout specified has expired: [client 150.242.204.205:53509] AH01075: Error dispatching request to : (polling), referer: https://ideaportal.jmbaxi.com/ideas/view/153
[Wed Jun 21 03:03:13.998536 2023] [proxy_fcgi:error] [pid 2960:tid 139947801564928] (70007)The timeout specified has expired: [client 150.242.204.205:53601] AH01075: Error dispatching request to : (polling), referer: https://ideaportal.jmbaxi.com/ideas/view/155
[Wed Jun 21 03:05:59.710274 2023] [proxy_fcgi:error] [pid 2960:tid 139948500879104] (70007)The timeout specified has expired: [client 150.242.204.205:53630] AH01075: Error dispatching request to : (polling), referer: https://ideaportal.jmbaxi.com/ideas/view/154
[Wed Jun 21 03:49:12.338309 2023] [proxy_fcgi:error] [pid 2960:tid 139948526057216] (70007)The timeout specified has expired: [client 150.242.204.205:54246] AH01075: Error dispatching request to : (polling), referer: https://ideaportal.jmbaxi.com/ideas/addIdea
[Wed Jun 21 15:41:02.024971 2023] [cgid:error] [pid 2960:tid 139946929149696] [client 185.153.197.35:56514] AH01264: script not found or unable to stat: /var/www/cgi-bin/sysconf.cgi
[Wed Jun 21 17:46:23.345421 2023] [core:error] [pid 1859:tid 139947466020608] [client 83.97.73.89:42036] AH00126: Invalid URI in request POST /cgi-bin/.%2e/.%2e/.%2e/.%2e/bin/sh HTTP/1.1
[Thu Jun 22 08:32:04.429962 2023] [proxy_fcgi:error] [pid 1859:tid 139947331802880] (70007)The timeout specified has expired: [client 150.242.204.151:55653] AH01075: Error dispatching request to : (polling), referer: https://ideaportal.jmbaxi.com/ideas/edit/158
[Thu Jun 22 08:39:54.543381 2023] [proxy_fcgi:error] [pid 1859:tid 139947432449792] (70007)The timeout specified has expired: [client 150.242.204.151:55780] AH01075: Error dispatching request to : (polling), referer: https://ideaportal.jmbaxi.com/ideas/view/158?
[Thu Jun 22 08:57:02.259108 2023] [proxy_fcgi:error] [pid 1859:tid 139948288112384] (70007)The timeout specified has expired: [client 150.242.204.151:56076] AH01075: Error dispatching request to : (polling), referer: https://ideaportal.jmbaxi.com/ideas/view/162?
[Thu Jun 22 12:34:09.554131 2023] [core:error] [pid 2960:tid 139948137109248] [client 45.148.120.113:48222] AH00126: Invalid URI in request GET stager64 HTTP/1.1
[Thu Jun 22 22:01:50.833988 2023] [core:error] [pid 2960:tid 139946937542400] [client 83.97.73.89:58658] AH00126: Invalid URI in request POST /cgi-bin/.%2e/.%2e/.%2e/.%2e/bin/sh HTTP/1.1
[Fri Jun 23 11:47:22.828635 2023] [core:error] [pid 2960:tid 139947793172224] [client 83.97.73.89:57622] AH00126: Invalid URI in request POST /cgi-bin/.%2e/.%2e/.%2e/.%2e/bin/sh HTTP/1.1
[Sat Jun 24 02:40:23.849882 2023] [core:error] [pid 2960:tid 139947767994112] [client 83.97.73.89:53296] AH00126: Invalid URI in request POST /cgi-bin/.%2e/.%2e/.%2e/.%2e/bin/sh HTTP/1.1
[Sat Jun 24 20:53:00.468123 2023] [core:error] [pid 1860:tid 139948534449920] [client 87.121.221.30:32786] AH00126: Invalid URI in request POST /cgi-bin/.%2e/%2e%2e/%2e%2e/%2e%2e/%2e%2e/%2e%2e/%2e%2e/%2e%2e/%2e%2e/%2e%2e/bin/sh HTTP/1.1
[Sat Jun 24 20:53:01.163092 2023] [core:error] [pid 1860:tid 139948103538432] [client 87.121.221.30:36558] AH00126: Invalid URI in request POST /assets/.%2e/%2e%2e/%2e%2e/%2e%2e/%2e%2e/%2e%2e/%2e%2e/%2e%2e/%2e%2e/%2e%2e/bin/sh HTTP/1.1
[Sat Jun 24 20:53:01.787995 2023] [core:error] [pid 1860:tid 139948019676928] [client 87.121.221.30:39890] AH00126: Invalid URI in request POST /js/.%2e/%2e%2e/%2e%2e/%2e%2e/%2e%2e/%2e%2e/%2e%2e/%2e%2e/%2e%2e/%2e%2e/bin/sh HTTP/1.1
[Sat Jun 24 20:53:02.409682 2023] [core:error] [pid 1860:tid 139946937542400] [client 87.121.221.30:43266] AH00126: Invalid URI in request POST /css/.%2e/%2e%2e/%2e%2e/%2e%2e/%2e%2e/%2e%2e/%2e%2e/%2e%2e/%2e%2e/%2e%2e/bin/sh HTTP/1.1
[Sat Jun 24 21:06:46.427435 2023] [core:error] [pid 2960:tid 139946937542400] [client 87.121.221.30:39204] AH00126: Invalid URI in request POST /cgi-bin/.%2e/%2e%2e/%2e%2e/%2e%2e/%2e%2e/%2e%2e/%2e%2e/%2e%2e/%2e%2e/%2e%2e/bin/sh HTTP/1.1
[Sat Jun 24 21:06:47.095094 2023] [core:error] [pid 1858:tid 139946786539264] [client 87.121.221.30:42606] AH00126: Invalid URI in request POST /assets/.%2e/%2e%2e/%2e%2e/%2e%2e/%2e%2e/%2e%2e/%2e%2e/%2e%2e/%2e%2e/%2e%2e/bin/sh HTTP/1.1
[Sat Jun 24 21:06:47.779321 2023] [core:error] [pid 1858:tid 139948053214976] [client 87.121.221.30:46328] AH00126: Invalid URI in request POST /js/.%2e/%2e%2e/%2e%2e/%2e%2e/%2e%2e/%2e%2e/%2e%2e/%2e%2e/%2e%2e/%2e%2e/bin/sh HTTP/1.1
[Sat Jun 24 21:06:48.435370 2023] [core:error] [pid 2960:tid 139947767994112] [client 87.121.221.30:49848] AH00126: Invalid URI in request POST /css/.%2e/%2e%2e/%2e%2e/%2e%2e/%2e%2e/%2e%2e/%2e%2e/%2e%2e/%2e%2e/%2e%2e/bin/sh HTTP/1.1
[Sat Jun 24 21:16:06.510987 2023] [core:error] [pid 2960:tid 139948128716544] [client 87.121.221.30:43508] AH00126: Invalid URI in request POST /cgi-bin/.%2e/%2e%2e/%2e%2e/%2e%2e/%2e%2e/%2e%2e/%2e%2e/%2e%2e/%2e%2e/%2e%2e/bin/sh HTTP/1.1
[Sat Jun 24 21:16:07.169410 2023] [core:error] [pid 2960:tid 139947784779520] [client 87.121.221.30:46240] AH00126: Invalid URI in request POST /assets/.%2e/%2e%2e/%2e%2e/%2e%2e/%2e%2e/%2e%2e/%2e%2e/%2e%2e/%2e%2e/%2e%2e/bin/sh HTTP/1.1
[Sat Jun 24 21:16:07.812615 2023] [core:error] [pid 2960:tid 139948526057216] [client 87.121.221.30:48788] AH00126: Invalid URI in request POST /js/.%2e/%2e%2e/%2e%2e/%2e%2e/%2e%2e/%2e%2e/%2e%2e/%2e%2e/%2e%2e/%2e%2e/bin/sh HTTP/1.1
[Sat Jun 24 21:16:08.431096 2023] [core:error] [pid 2960:tid 139948103538432] [client 87.121.221.30:51268] AH00126: Invalid URI in request POST /css/.%2e/%2e%2e/%2e%2e/%2e%2e/%2e%2e/%2e%2e/%2e%2e/%2e%2e/%2e%2e/%2e%2e/bin/sh HTTP/1.1
[Sun Jun 25 06:16:09.346493 2023] [core:error] [pid 187172:tid 139947877066496] [client 83.97.73.89:60270] AH00126: Invalid URI in request POST /cgi-bin/.%2e/.%2e/.%2e/.%2e/bin/sh HTTP/1.1
[Sun Jun 25 09:08:37.787827 2023] [core:error] [pid 187172:tid 139948517664512] [client 87.121.221.30:34592] AH00126: Invalid URI in request POST /cgi-bin/.%2e/%2e%2e/%2e%2e/%2e%2e/%2e%2e/%2e%2e/%2e%2e/%2e%2e/%2e%2e/%2e%2e/bin/sh HTTP/1.1
[Sun Jun 25 09:08:38.383921 2023] [core:error] [pid 186732:tid 139947734456064] [client 87.121.221.30:36982] AH00126: Invalid URI in request POST /assets/.%2e/%2e%2e/%2e%2e/%2e%2e/%2e%2e/%2e%2e/%2e%2e/%2e%2e/%2e%2e/%2e%2e/bin/sh HTTP/1.1
[Sun Jun 25 09:08:38.999770 2023] [core:error] [pid 186731:tid 139947273086720] [client 87.121.221.30:39538] AH00126: Invalid URI in request POST /js/.%2e/%2e%2e/%2e%2e/%2e%2e/%2e%2e/%2e%2e/%2e%2e/%2e%2e/%2e%2e/%2e%2e/bin/sh HTTP/1.1
[Sun Jun 25 09:08:39.632561 2023] [core:error] [pid 186731:tid 139947415697152] [client 87.121.221.30:42198] AH00126: Invalid URI in request POST /css/.%2e/%2e%2e/%2e%2e/%2e%2e/%2e%2e/%2e%2e/%2e%2e/%2e%2e/%2e%2e/%2e%2e/bin/sh HTTP/1.1
[Sun Jun 25 09:17:52.051852 2023] [core:error] [pid 187172:tid 139947751241472] [client 87.121.221.30:45976] AH00126: Invalid URI in request POST /cgi-bin/.%2e/%2e%2e/%2e%2e/%2e%2e/%2e%2e/%2e%2e/%2e%2e/%2e%2e/%2e%2e/%2e%2e/bin/sh HTTP/1.1
[Sun Jun 25 09:17:52.652022 2023] [core:error] [pid 187172:tid 139948534449920] [client 87.121.221.30:48426] AH00126: Invalid URI in request POST /assets/.%2e/%2e%2e/%2e%2e/%2e%2e/%2e%2e/%2e%2e/%2e%2e/%2e%2e/%2e%2e/%2e%2e/bin/sh HTTP/1.1
[Sun Jun 25 09:17:53.259863 2023] [core:error] [pid 187172:tid 139948011284224] [client 87.121.221.30:50758] AH00126: Invalid URI in request POST /js/.%2e/%2e%2e/%2e%2e/%2e%2e/%2e%2e/%2e%2e/%2e%2e/%2e%2e/%2e%2e/%2e%2e/bin/sh HTTP/1.1
[Sun Jun 25 09:17:53.859706 2023] [core:error] [pid 187172:tid 139947977713408] [client 87.121.221.30:53240] AH00126: Invalid URI in request POST /css/.%2e/%2e%2e/%2e%2e/%2e%2e/%2e%2e/%2e%2e/%2e%2e/%2e%2e/%2e%2e/%2e%2e/bin/sh HTTP/1.1
[Sun Jun 25 20:47:27.294293 2023] [core:error] [pid 187172:tid 139948500879104] [client 83.97.73.89:43732] AH00126: Invalid URI in request POST /cgi-bin/.%2e/.%2e/.%2e/.%2e/bin/sh HTTP/1.1
[Mon Jun 26 10:18:37.785719 2023] [core:error] [pid 187172:tid 139947868673792] [client 83.97.73.89:34448] AH00126: Invalid URI in request POST /cgi-bin/.%2e/.%2e/.%2e/.%2e/bin/sh HTTP/1.1
[Tue Jun 27 00:26:45.613567 2023] [core:error] [pid 187172:tid 139947726063360] [client 83.97.73.89:39636] AH00126: Invalid URI in request POST /cgi-bin/.%2e/.%2e/.%2e/.%2e/bin/sh HTTP/1.1
[Tue Jun 27 00:31:34.116289 2023] [core:error] [pid 187172:tid 139947851888384] [client 193.32.162.190:48472] AH00126: Invalid URI in request GET /../../mnt/mtd/Config/Account1 HTTP/1.1
[Tue Jun 27 01:55:13.206693 2023] [core:error] [pid 187172:tid 139948526057216] [client 193.32.162.190:53038] AH00126: Invalid URI in request GET /../../mnt/mtd/Config/Account2 HTTP/1.1
[Wed Jun 28 01:21:09.984130 2023] [proxy_fcgi:error] [pid 187172:tid 139947969320704] (70007)The timeout specified has expired: [client 150.242.204.132:38736] AH01075: Error dispatching request to : (polling), referer: https://ideaportal.jmbaxi.com/myideas/addIdea
[Wed Jun 28 01:40:24.540225 2023] [core:error] [pid 187172:tid 139947726063360] [client 83.97.73.89:56894] AH00126: Invalid URI in request POST /cgi-bin/.%2e/.%2e/.%2e/.%2e/bin/sh HTTP/1.1
[Wed Jun 28 10:33:38.799505 2023] [core:error] [pid 187172:tid 139947742848768] [client 83.97.73.89:54478] AH00126: Invalid URI in request POST /cgi-bin/.%2e/.%2e/.%2e/.%2e/bin/sh HTTP/1.1
[Thu Jun 29 00:46:15.433153 2023] [core:error] [pid 186732:tid 139948526057216] [client 83.97.73.89:46810] AH00126: Invalid URI in request POST /cgi-bin/.%2e/.%2e/.%2e/.%2e/bin/sh HTTP/1.1
[Thu Jun 29 16:32:37.248162 2023] [cgid:error] [pid 186732:tid 139947709277952] [client 3.9.171.167:33462] AH01264: script not found or unable to stat: /var/www/cgi-bin/login.cgi
[Thu Jun 29 16:33:58.251082 2023] [cgid:error] [pid 187172:tid 139947885459200] [client 3.9.171.167:34062] AH01264: script not found or unable to stat: /var/www/cgi-bin/login.cgi
[Thu Jun 29 21:33:42.138664 2023] [cgid:error] [pid 186733:tid 139947566667520] [client 35.90.237.68:58769] AH01264: script not found or unable to stat: /var/www/cgi-bin/.env
[Thu Jun 29 21:33:43.289142 2023] [cgid:error] [pid 186733:tid 139948534449920] [client 35.90.237.68:62090] AH01264: script not found or unable to stat: /var/www/cgi-bin/.env
[Fri Jun 30 01:07:19.590130 2023] [core:error] [pid 187172:tid 139947717670656] [client 83.97.73.89:43424] AH00126: Invalid URI in request POST /cgi-bin/.%2e/.%2e/.%2e/.%2e/bin/sh HTTP/1.1
[Fri Jun 30 03:00:56.134744 2023] [core:error] [pid 187172:tid 139947994498816] [client 193.32.162.190:58250] AH00126: Invalid URI in request GET /../../mnt/mtd/Config/Account1 HTTP/1.1
[Fri Jun 30 03:06:36.433028 2023] [proxy_fcgi:error] [pid 186732:tid 139947751241472] (70007)The timeout specified has expired: [client 150.242.204.179:51652] AH01075: Error dispatching request to : (polling), referer: https://ideaportal.jmbaxi.com/ideas/addIdea
[Fri Jun 30 04:01:17.298813 2023] [core:error] [pid 187172:tid 139947860281088] [client 193.32.162.190:39582] AH00126: Invalid URI in request GET /../../mnt/mtd/Config/Account2 HTTP/1.1
[Fri Jun 30 04:46:50.544881 2023] [proxy_fcgi:error] [pid 186731:tid 139947247908608] (70007)The timeout specified has expired: [client 150.242.204.179:34584] AH01075: Error dispatching request to : (polling), referer: https://ideaportal.jmbaxi.com/myideas/addIdea
[Fri Jun 30 08:13:17.707874 2023] [cgid:error] [pid 186732:tid 139948517664512] [client 185.180.143.141:36226] AH01264: script not found or unable to stat: /var/www/cgi-bin/authLogin.cgi
[Fri Jun 30 08:15:43.225597 2023] [cgid:error] [pid 187172:tid 139948019676928] [client 185.180.143.141:34358] AH01264: script not found or unable to stat: /var/www/cgi-bin/config.exp
[Fri Jun 30 13:00:53.423430 2023] [core:error] [pid 187172:tid 139947835102976] [client 83.97.73.89:57300] AH00126: Invalid URI in request POST /cgi-bin/.%2e/.%2e/.%2e/.%2e/bin/sh HTTP/1.1
[Sat Jul 01 03:22:49.948616 2023] [proxy_fcgi:error] [pid 186731:tid 139948221003520] (70007)The timeout specified has expired: [client 150.242.204.255:58967] AH01075: Error dispatching request to : (polling), referer: https://ideaportal.jmbaxi.com/ideas/addIdea
[Sat Jul 01 03:35:25.139500 2023] [core:error] [pid 187172:tid 139948011284224] [client 83.97.73.89:40978] AH00126: Invalid URI in request POST /cgi-bin/.%2e/.%2e/.%2e/.%2e/bin/sh HTTP/1.1
[Sat Jul 01 03:46:35.328359 2023] [proxy_fcgi:error] [pid 187172:tid 139948517664512] (70007)The timeout specified has expired: [client 150.242.204.255:59265] AH01075: Error dispatching request to : (polling), referer: https://ideaportal.jmbaxi.com/ideas/view/174?
[Sun Jul 02 09:10:13.807162 2023] [core:error] [pid 470977:tid 139947507951360] [client 83.97.73.89:41418] AH00126: Invalid URI in request POST /cgi-bin/.%2e/.%2e/.%2e/.%2e/bin/sh HTTP/1.1
[Sun Jul 02 21:38:32.154996 2023] [core:error] [pid 470977:tid 139947407304448] [client 83.97.73.89:34458] AH00126: Invalid URI in request POST /cgi-bin/.%2e/.%2e/.%2e/.%2e/bin/sh HTTP/1.1
[Mon Jul 03 08:49:36.994865 2023] [proxy_fcgi:error] [pid 469842:tid 139947046582016] (-102)Unknown error -102: [client 141.105.66.148:34528] AH01075: Error dispatching request to : (reading input brigade)
[Mon Jul 03 10:48:39.831352 2023] [core:error] [pid 470977:tid 139947415697152] [client 83.97.73.89:47708] AH00126: Invalid URI in request POST /cgi-bin/.%2e/.%2e/.%2e/.%2e/bin/sh HTTP/1.1
[Mon Jul 03 23:14:56.085287 2023] [core:error] [pid 469849:tid 139948422330112] [client 185.180.140.6:42750] AH00126: Invalid URI in request GET /dana-na/../dana/html5acc/guacamole/../../../../../../../etc/services?/dana/html5acc/guacamole/ HTTP/1.1
[Mon Jul 03 23:41:23.168136 2023] [core:error] [pid 470977:tid 139948542842624] [client 193.32.162.190:51242] AH00126: Invalid URI in request GET /../../mnt/mtd/Config/Account1 HTTP/1.1
[Tue Jul 04 00:44:24.953015 2023] [core:error] [pid 470977:tid 139948526057216] [client 193.32.162.190:49546] AH00126: Invalid URI in request GET /../../mnt/mtd/Config/Account2 HTTP/1.1
[Tue Jul 04 01:22:03.673563 2023] [core:error] [pid 469849:tid 139948388759296] [client 83.97.73.89:48934] AH00126: Invalid URI in request POST /cgi-bin/.%2e/.%2e/.%2e/.%2e/bin/sh HTTP/1.1
[Wed Jul 05 02:52:59.872503 2023] [core:error] [pid 470977:tid 139947390519040] [client 83.97.73.89:54272] AH00126: Invalid URI in request POST /cgi-bin/.%2e/.%2e/.%2e/.%2e/bin/sh HTTP/1.1
[Wed Jul 05 09:28:39.137467 2023] [core:error] [pid 470977:tid 139948120323840] [client 83.97.73.89:43856] AH00126: Invalid URI in request POST /cgi-bin/.%2e/.%2e/.%2e/.%2e/bin/sh HTTP/1.1
[Fri Jul 07 03:45:02.604701 2023] [core:error] [pid 470977:tid 139948128716544] [client 213.109.202.66:48464] AH00126: Invalid URI in request POST /cgi-bin/.%2e/.%2e/.%2e/.%2e/bin/sh HTTP/1.1
[Fri Jul 07 08:44:53.933055 2023] [core:error] [pid 470977:tid 139948120323840] [client 185.180.143.188:48766] AH00126: Invalid URI in request GET /dana-na/../dana/html5acc/guacamole/../../../../../../../etc/services?/dana/html5acc/guacamole/ HTTP/1.1
[Fri Jul 07 09:53:42.624958 2023] [core:error] [pid 470977:tid 139948517664512] [client 213.109.202.66:44504] AH00126: Invalid URI in request POST /cgi-bin/.%2e/.%2e/.%2e/.%2e/bin/sh HTTP/1.1
[Sat Jul 08 05:11:35.716823 2023] [cgid:error] [pid 470977:tid 139948145501952] [client 18.236.220.95:59356] AH01264: script not found or unable to stat: /var/www/cgi-bin/.env
[Sat Jul 08 20:22:34.336332 2023] [core:error] [pid 470977:tid 139948145501952] [client 213.109.202.66:60372] AH00126: Invalid URI in request POST /cgi-bin/.%2e/.%2e/.%2e/.%2e/bin/sh HTTP/1.1
[Sun Jul 09 12:52:22.281071 2023] [core:error] [pid 694585:tid 139948011284224] [client 213.109.202.66:39214] AH00126: Invalid URI in request POST /cgi-bin/.%2e/.%2e/.%2e/.%2e/bin/sh HTTP/1.1
[Mon Jul 10 12:25:07.912445 2023] [core:error] [pid 694280:tid 139948254541568] [client 213.109.202.66:56404] AH00126: Invalid URI in request POST /cgi-bin/.%2e/.%2e/.%2e/.%2e/bin/sh HTTP/1.1
[Mon Jul 10 22:15:14.311969 2023] [core:error] [pid 694585:tid 139947533129472] [client 193.32.162.190:37806] AH00126: Invalid URI in request GET /../../mnt/mtd/Config/Account1 HTTP/1.1
[Mon Jul 10 23:21:02.822230 2023] [core:error] [pid 694585:tid 139947977713408] [client 193.32.162.190:54616] AH00126: Invalid URI in request GET /../../mnt/mtd/Config/Account2 HTTP/1.1
[Tue Jul 11 20:56:56.073922 2023] [core:error] [pid 694585:tid 139947382126336] [client 213.109.202.66:35532] AH00126: Invalid URI in request POST /cgi-bin/.%2e/.%2e/.%2e/.%2e/bin/sh HTTP/1.1
[Wed Jul 12 10:15:53.831327 2023] [core:error] [pid 694585:tid 139948534449920] [client 213.109.202.66:50904] AH00126: Invalid URI in request POST /cgi-bin/.%2e/.%2e/.%2e/.%2e/bin/sh HTTP/1.1
[Wed Jul 12 23:13:56.077863 2023] [core:error] [pid 694585:tid 139947986106112] [client 213.109.202.66:38488] AH00126: Invalid URI in request POST /cgi-bin/.%2e/.%2e/.%2e/.%2e/bin/sh HTTP/1.1
[Fri Jul 14 02:13:10.068299 2023] [core:error] [pid 694585:tid 139947516344064] [client 213.109.202.66:33590] AH00126: Invalid URI in request POST /cgi-bin/.%2e/.%2e/.%2e/.%2e/bin/sh HTTP/1.1
[Fri Jul 14 03:30:13.015765 2023] [cgid:error] [pid 694585:tid 139947986106112] [client 18.170.33.147:52124] AH01264: script not found or unable to stat: /var/www/cgi-bin/login.cgi
[Fri Jul 14 03:33:39.253680 2023] [cgid:error] [pid 694585:tid 139947407304448] [client 18.170.33.147:43548] AH01264: script not found or unable to stat: /var/www/cgi-bin/login.cgi
[Fri Jul 14 03:54:52.054426 2023] [cgid:error] [pid 694585:tid 139948500879104] [client 45.156.128.2:53048] AH01264: script not found or unable to stat: /var/www/cgi-bin/authLogin.cgi
[Fri Jul 14 03:57:27.848426 2023] [cgid:error] [pid 694585:tid 139947398911744] [client 45.156.128.2:50394] AH01264: script not found or unable to stat: /var/www/cgi-bin/config.exp
[Fri Jul 14 15:13:26.458908 2023] [core:error] [pid 694585:tid 139948517664512] [client 213.109.202.66:39554] AH00126: Invalid URI in request POST /cgi-bin/.%2e/.%2e/.%2e/.%2e/bin/sh HTTP/1.1
[Sat Jul 15 14:52:32.002497 2023] [core:error] [pid 694585:tid 139947382126336] [client 213.109.202.66:39310] AH00126: Invalid URI in request POST /cgi-bin/.%2e/.%2e/.%2e/.%2e/bin/sh HTTP/1.1
[Sat Jul 15 16:15:01.835421 2023] [ssl:error] [pid 694585:tid 139947533129472] [client 170.187.139.176:46000] AH02031: Hostname ideaportal.jmbaxi.com provided via SNI, but no hostname provided in HTTP request
[Sat Jul 15 16:15:29.530699 2023] [ssl:error] [pid 694585:tid 139947516344064] [client 170.187.139.176:35764] AH02031: Hostname ideaportal.jmbaxi.com provided via SNI, but no hostname provided in HTTP request
[Sun Jul 16 02:47:11.604672 2023] [core:error] [pid 694585:tid 139948019676928] [client 213.109.202.66:32852] AH00126: Invalid URI in request POST /cgi-bin/.%2e/.%2e/.%2e/.%2e/bin/sh HTTP/1.1
[Sun Jul 16 17:52:02.892700 2023] [core:error] [pid 898471:tid 139948111931136] [client 213.109.202.66:35412] AH00126: Invalid URI in request POST /cgi-bin/.%2e/.%2e/.%2e/.%2e/bin/sh HTTP/1.1
[Mon Jul 17 07:32:33.730361 2023] [core:error] [pid 898471:tid 139947617023744] [client 213.109.202.66:36700] AH00126: Invalid URI in request POST /cgi-bin/.%2e/.%2e/.%2e/.%2e/bin/sh HTTP/1.1
[Mon Jul 17 22:49:22.144403 2023] [core:error] [pid 898031:tid 139947256301312] [client 213.109.202.66:45866] AH00126: Invalid URI in request POST /cgi-bin/.%2e/.%2e/.%2e/.%2e/bin/sh HTTP/1.1
[Tue Jul 18 00:27:22.602381 2023] [proxy_fcgi:error] [pid 898031:tid 139947717670656] (70007)The timeout specified has expired: [client 10.1.32.167:51857] AH01075: Error dispatching request to : (polling), referer: https://ideaportal.jmbaxi.com/ideas/edit/4
[Tue Jul 18 01:49:58.814482 2023] [proxy_fcgi:error] [pid 898031:tid 139948120323840] (70007)The timeout specified has expired: [client 10.1.32.167:53742] AH01075: Error dispatching request to : (polling), referer: https://ideaportal.jmbaxi.com/ideas/view_idea_approving_authority/6?
[Tue Jul 18 02:36:12.387557 2023] [core:error] [pid 898471:tid 139947591845632] [client 193.32.162.190:36854] AH00126: Invalid URI in request GET /../../mnt/mtd/Config/Account1 HTTP/1.1
[Tue Jul 18 03:26:48.037693 2023] [proxy_fcgi:error] [pid 898032:tid 139948338239232] (70007)The timeout specified has expired: [client 10.1.32.167:55624] AH01075: Error dispatching request to : (polling), referer: https://ideaportal.jmbaxi.com/ideas/addIdea
[Tue Jul 18 04:05:30.036189 2023] [core:error] [pid 898031:tid 139947264694016] [client 193.32.162.190:59020] AH00126: Invalid URI in request GET /../../mnt/mtd/Config/Account2 HTTP/1.1
[Tue Jul 18 04:15:34.543640 2023] [proxy_fcgi:error] [pid 898033:tid 139948153894656] (70007)The timeout specified has expired: [client 10.1.32.167:56354] AH01075: Error dispatching request to : (polling), referer: https://ideaportal.jmbaxi.com/ideas/addIdea
[Tue Jul 18 04:32:03.582380 2023] [proxy_fcgi:error] [pid 898471:tid 139948103538432] (70007)The timeout specified has expired: [client 10.1.32.167:56575] AH01075: Error dispatching request to : (polling), referer: https://ideaportal.jmbaxi.com/ideas/edit/7
[Tue Jul 18 12:18:26.538111 2023] [core:error] [pid 898471:tid 139948517664512] [client 213.109.202.66:60770] AH00126: Invalid URI in request POST /cgi-bin/.%2e/.%2e/.%2e/.%2e/bin/sh HTTP/1.1
[Wed Jul 19 02:49:26.964182 2023] [core:error] [pid 898471:tid 139948145501952] [client 213.109.202.66:60128] AH00126: Invalid URI in request POST /cgi-bin/.%2e/.%2e/.%2e/.%2e/bin/sh HTTP/1.1
[Wed Jul 19 20:36:50.909293 2023] [ssl:error] [pid 898031:tid 139947264694016] [client 139.144.52.241:60450] AH02031: Hostname ideaportal.jmbaxi.com provided via SNI, but no hostname provided in HTTP request
[Thu Jul 20 00:56:30.315137 2023] [proxy_fcgi:error] [pid 898471:tid 139948153894656] (70007)The timeout specified has expired: [client 49.36.100.3:57462] AH01075: Error dispatching request to : (polling), referer: https://ideaportal.jmbaxi.com/ideas/addIdea
[Thu Jul 20 04:20:58.526572 2023] [core:error] [pid 898471:tid 139947054974720] [client 213.109.202.66:39186] AH00126: Invalid URI in request POST /cgi-bin/.%2e/.%2e/.%2e/.%2e/bin/sh HTTP/1.1
[Thu Jul 20 15:50:57.474949 2023] [core:error] [pid 898032:tid 139947726063360] [client 213.109.202.66:34104] AH00126: Invalid URI in request POST /cgi-bin/.%2e/.%2e/.%2e/.%2e/bin/sh HTTP/1.1
[Fri Jul 21 03:25:03.387582 2023] [proxy_fcgi:error] [pid 898471:tid 139948111931136] (70007)The timeout specified has expired: [client 103.195.202.46:30582] AH01075: Error dispatching request to : (polling), referer: https://ideaportal.jmbaxi.com/myideas/edit/12
[Fri Jul 21 04:05:52.301487 2023] [proxy_fcgi:error] [pid 898032:tid 139948321453824] (70007)The timeout specified has expired: [client 10.1.32.167:60557] AH01075: Error dispatching request to : (polling), referer: https://ideaportal.jmbaxi.com/ideas/edit/17
[Fri Jul 21 04:12:45.835416 2023] [proxy_fcgi:error] [pid 898471:tid 139948534449920] (70007)The timeout specified has expired: [client 10.1.32.167:60697] AH01075: Error dispatching request to : (polling), referer: https://ideaportal.jmbaxi.com/ideas/addIdea
[Fri Jul 21 04:13:06.207291 2023] [proxy_fcgi:error] [pid 898471:tid 139947046582016] (70007)The timeout specified has expired: [client 10.1.34.9:63951] AH01075: Error dispatching request to : (polling), referer: https://ideaportal.jmbaxi.com/ideas/addIdea
[Fri Jul 21 04:19:55.312644 2023] [proxy_fcgi:error] [pid 898032:tid 139948338239232] (70007)The timeout specified has expired: [client 10.1.32.167:60900] AH01075: Error dispatching request to : (polling), referer: https://ideaportal.jmbaxi.com/ideas/addIdea
[Fri Jul 21 04:21:54.697618 2023] [proxy_fcgi:error] [pid 898032:tid 139947709277952] (70007)The timeout specified has expired: [client 10.1.34.9:64210] AH01075: Error dispatching request to : (polling), referer: https://ideaportal.jmbaxi.com/ideas/edit/20
[Fri Jul 21 04:23:43.413925 2023] [proxy_fcgi:error] [pid 898031:tid 139948128716544] (70007)The timeout specified has expired: [client 10.1.32.167:60987] AH01075: Error dispatching request to : (polling), referer: https://ideaportal.jmbaxi.com/ideas/edit/21
[Fri Jul 21 05:30:54.505592 2023] [core:error] [pid 898471:tid 139948526057216] [client 213.109.202.66:52584] AH00126: Invalid URI in request POST /cgi-bin/.%2e/.%2e/.%2e/.%2e/bin/sh HTTP/1.1
[Sat Jul 22 01:39:52.553267 2023] [core:error] [pid 898471:tid 139948500879104] [client 213.109.202.66:53942] AH00126: Invalid URI in request POST /cgi-bin/.%2e/.%2e/.%2e/.%2e/bin/sh HTTP/1.1
[Sat Jul 22 15:20:24.429113 2023] [core:error] [pid 898471:tid 139947617023744] [client 213.109.202.66:39726] AH00126: Invalid URI in request POST /cgi-bin/.%2e/.%2e/.%2e/.%2e/bin/sh HTTP/1.1
[Sun Jul 23 07:43:52.592313 2023] [core:error] [pid 1109840:tid 139947944175360] [client 213.109.202.66:58086] AH00126: Invalid URI in request POST /cgi-bin/.%2e/.%2e/.%2e/.%2e/bin/sh HTTP/1.1
[Mon Jul 24 01:42:09.088589 2023] [proxy_fcgi:error] [pid 1109842:tid 139948542842624] (70007)The timeout specified has expired: [client 45.127.44.43:29037] AH01075: Error dispatching request to : (polling), referer: https://ideaportal.jmbaxi.com/ideas/view/20?
[Mon Jul 24 01:44:52.819844 2023] [proxy_fcgi:error] [pid 1109840:tid 139948338239232] (70007)The timeout specified has expired: [client 45.127.44.43:29014] AH01075: Error dispatching request to : (polling), referer: https://ideaportal.jmbaxi.com/ideas/view/20
[Mon Jul 24 22:14:11.972524 2023] [core:error] [pid 1109844:tid 139948517664512] [client 213.109.202.66:46074] AH00126: Invalid URI in request POST /cgi-bin/.%2e/.%2e/.%2e/.%2e/bin/sh HTTP/1.1
[Tue Jul 25 21:01:10.726441 2023] [core:error] [pid 1110777:tid 139948526057216] [client 213.109.202.66:33102] AH00126: Invalid URI in request POST /cgi-bin/.%2e/.%2e/.%2e/.%2e/bin/sh HTTP/1.1
[Wed Jul 26 03:54:03.540822 2023] [ssl:error] [pid 1109844:tid 139946979473152] [client 162.216.17.47:42678] AH02031: Hostname ideaportal.jmbaxi.com provided via SNI, but no hostname provided in HTTP request
[Wed Jul 26 10:36:14.268846 2023] [core:error] [pid 1110777:tid 139947549914880] [client 213.109.202.66:60508] AH00126: Invalid URI in request POST /cgi-bin/.%2e/.%2e/.%2e/.%2e/bin/sh HTTP/1.1
[Thu Jul 27 02:48:46.696053 2023] [proxy_fcgi:error] [pid 1110777:tid 139947507951360] (70007)The timeout specified has expired: [client 10.1.32.167:59847] AH01075: Error dispatching request to : (polling), referer: https://ideaportal.jmbaxi.com/ideas/addIdea
[Thu Jul 27 02:56:43.715526 2023] [proxy_fcgi:error] [pid 1109842:tid 139948405544704] (70007)The timeout specified has expired: [client 10.1.32.167:59965] AH01075: Error dispatching request to : (polling), referer: https://ideaportal.jmbaxi.com/ideas/edit/32
[Thu Jul 27 08:59:28.323490 2023] [core:error] [pid 1110777:tid 139948534449920] [client 213.109.202.66:47202] AH00126: Invalid URI in request POST /cgi-bin/.%2e/.%2e/.%2e/.%2e/bin/sh HTTP/1.1
[Fri Jul 28 00:53:43.578423 2023] [cgid:error] [pid 1110777:tid 139948103538432] [client 3.8.116.57:34154] AH01264: script not found or unable to stat: /var/www/cgi-bin/login.cgi
[Fri Jul 28 00:54:16.419311 2023] [cgid:error] [pid 1110777:tid 139948153894656] [client 3.8.116.57:57148] AH01264: script not found or unable to stat: /var/www/cgi-bin/login.cgi
[Fri Jul 28 03:46:58.156695 2023] [core:error] [pid 1110777:tid 139948128716544] [client 213.109.202.66:56640] AH00126: Invalid URI in request POST /cgi-bin/.%2e/.%2e/.%2e/.%2e/bin/sh HTTP/1.1
[Sat Jul 29 08:13:58.864477 2023] [core:error] [pid 1109844:tid 139948534449920] [client 83.97.73.87:59030] AH00126: Invalid URI in request POST /cgi-bin/.%2e/.%2e/.%2e/.%2e/bin/sh HTTP/1.1
[Sun Jul 30 01:04:45.805586 2023] [core:error] [pid 1110777:tid 139948534449920] [client 83.97.73.87:54054] AH00126: Invalid URI in request POST /cgi-bin/.%2e/.%2e/.%2e/.%2e/bin/sh HTTP/1.1
[Sun Jul 30 16:26:14.251317 2023] [proxy_fcgi:error] [pid 1277857:tid 139948388759296] (-102)Unknown error -102: [client 141.105.66.148:35754] AH01075: Error dispatching request to : (reading input brigade)
[Sun Jul 30 16:26:16.249155 2023] [core:error] [pid 1277857:tid 139948380366592] [client 141.105.66.148:60394] AH00126: Invalid URI in request GET default.asp HTTP/1.1
[Sun Jul 30 16:26:16.550206 2023] [core:error] [pid 1277859:tid 139948019676928] [client 141.105.66.148:36954] AH00126: Invalid URI in request GET default.asp HTTP/1.1
[Sun Jul 30 23:26:28.611857 2023] [core:error] [pid 1278817:tid 139947407304448] [client 83.97.73.87:52064] AH00126: Invalid URI in request POST /cgi-bin/.%2e/.%2e/.%2e/.%2e/bin/sh HTTP/1.1
[Mon Jul 31 01:23:09.208447 2023] [cgid:error] [pid 1278817:tid 139947533129472] [client 13.40.69.59:48448] AH01264: script not found or unable to stat: /var/www/cgi-bin/login.cgi
[Mon Jul 31 01:26:03.978517 2023] [cgid:error] [pid 1277857:tid 139948103538432] [client 13.40.69.59:38884] AH01264: script not found or unable to stat: /var/www/cgi-bin/login.cgi
[Tue Aug 01 01:12:27.077307 2023] [cgid:error] [pid 1278817:tid 139948500879104] [client 18.134.248.132:49556] AH01264: script not found or unable to stat: /var/www/cgi-bin/login.cgi
[Tue Aug 01 01:13:42.574379 2023] [cgid:error] [pid 1278817:tid 139948128716544] [client 18.134.248.132:40540] AH01264: script not found or unable to stat: /var/www/cgi-bin/login.cgi
[Tue Aug 01 02:23:53.363058 2023] [ssl:error] [pid 1277859:tid 139948422330112] [client 38.114.114.218:32844] AH02031: Hostname ideaportal.jmbaxi.com provided via SNI, but no hostname provided in HTTP request
[Tue Aug 01 02:24:37.404713 2023] [ssl:error] [pid 1277859:tid 139948128716544] [client 38.114.114.218:57822] AH02031: Hostname ideaportal.jmbaxi.com provided via SNI, but no hostname provided in HTTP request
[Thu Aug 03 04:58:36.889134 2023] [proxy_fcgi:error] [pid 1277857:tid 139948405544704] (70007)The timeout specified has expired: [client 49.32.128.211:43487] AH01075: Error dispatching request to : (polling), referer: https://ideaportal.jmbaxi.com/ideas/edit/37
[Thu Aug 03 05:51:29.355525 2023] [proxy_fcgi:error] [pid 1278817:tid 139948137109248] (70007)The timeout specified has expired: [client 10.1.34.206:59872] AH01075: Error dispatching request to : (polling), referer: https://ideaportal.jmbaxi.com/ideas/edit/10
[Mon Aug 07 04:28:47.910343 2023] [proxy_fcgi:error] [pid 1471286:tid 139948153894656] (70007)The timeout specified has expired: [client 10.1.35.207:55050] AH01075: Error dispatching request to : (polling), referer: https://ideaportal.jmbaxi.com/ideas/edit/45
[Wed Aug 09 05:06:19.198406 2023] [cgid:error] [pid 1471286:tid 139946996258560] [client 45.156.129.2:58374] AH01264: script not found or unable to stat: /var/www/cgi-bin/authLogin.cgi
[Wed Aug 09 05:06:22.723168 2023] [cgid:error] [pid 1470819:tid 139948526057216] [client 45.156.129.2:58390] AH01264: script not found or unable to stat: /var/www/cgi-bin/config.exp
[Thu Aug 10 19:50:52.175058 2023] [cgid:error] [pid 1470817:tid 139948313061120] [client 35.88.194.185:63780] AH01264: script not found or unable to stat: /var/www/cgi-bin/.env
[Sun Aug 13 00:56:55.545462 2023] [cgid:error] [pid 1471286:tid 139948120323840] [client 18.130.31.225:60542] AH01264: script not found or unable to stat: /var/www/cgi-bin/login.cgi
[Sun Aug 13 00:57:53.374645 2023] [cgid:error] [pid 1470823:tid 139948120323840] [client 18.130.31.225:32824] AH01264: script not found or unable to stat: /var/www/cgi-bin/login.cgi
[Wed Aug 16 01:30:19.902854 2023] [cgid:error] [pid 1630884:tid 139948170614528] [client 13.40.6.222:43058] AH01264: script not found or unable to stat: /var/www/cgi-bin/login.cgi
[Wed Aug 16 01:32:49.047444 2023] [cgid:error] [pid 1631216:tid 139947952568064] [client 13.40.6.222:55776] AH01264: script not found or unable to stat: /var/www/cgi-bin/login.cgi
[Fri Aug 18 15:04:27.364218 2023] [core:error] [pid 1630883:tid 139948069967616] [client 195.170.172.128:42982] AH00126: Invalid URI in request GET stager64 HTTP/1.1
[Sat Aug 19 00:34:41.369496 2023] [cgid:error] [pid 1631216:tid 139947482806016] [client 18.170.58.134:48838] AH01264: script not found or unable to stat: /var/www/cgi-bin/login.cgi
[Sat Aug 19 00:34:50.737759 2023] [cgid:error] [pid 1630885:tid 139948304668416] [client 18.170.58.134:40334] AH01264: script not found or unable to stat: /var/www/cgi-bin/login.cgi
